[2026-06-22T05:04:18.070Z][INFO] Command-line: 'C:\\Program Files\\Unity\\Hub\\Editor\\6000.5.0f1\\Editor\\Data\\Resources\\PackageManager\\Server\\UnityPackageManager.exe' server -s 3132 --ipc-path Unity-Upm-3132 -l 2 --log-file D:\\Study\\Unity\\ShootingGame/Logs/upm.log
[2026-06-22T05:04:18.109Z][INFO] IPC server started (IPC path=Unity-Upm-3132).
[2026-06-22T05:04:18.109Z][INFO] Hint: To connect to this UPM instance, launch Unity with the command-line parameter -upmIpcPath Upm-3132.
[2026-06-22T05:04:49.919Z][INFO] project:list-packages <-- Request received
params: {}
[2026-06-22T05:04:50.016Z][INFO] config:project:get-registries <-- Request received
params: {}
[2026-06-22T05:04:50.029Z][INFO] config:project:get-registries --> 200 (13 ms)
[2026-06-22T05:04:50.031Z][INFO] project:list-packages <-- Request received
params: {}
[2026-06-22T05:04:50.113Z][INFO] project:update-dependencies <-- Request received
params: {}
[2026-06-22T05:04:50.136Z][INFO] project:list-packages --> 200 (217 ms)
[2026-06-22T05:04:50.168Z][INFO] project:update-dependencies --> 200 (56 ms)
[2026-06-22T05:04:50.184Z][INFO] project:list-packages --> 200 (153 ms)
[2026-06-22T05:04:50.201Z][INFO] project:resolve-packages <-- Request received
params: {}
[2026-06-22T05:04:51.940Z][INFO] Downloading package [com.unity.ide.vscode@1.2.5] from registry 'https://packages.unity.com'
[2026-06-22T05:04:53.096Z][INFO] Finished downloading package [com.unity.ide.vscode@1.2.5] from registry 'https://packages.unity.com' (size: 17.6 kB, time: 1.1s)
[2026-06-22T05:04:58.428Z][WARN] Requested version [2.0.0] for package [com.unity.settings-manager] overridden by minimum version [2.1.1].
[2026-06-22T05:04:58.429Z][INFO] project:resolve-packages --> 200 (8228 ms)
[2026-06-22T05:05:23.775Z][INFO] project:list-packages <-- Request received
params: {}
[2026-06-22T05:05:23.809Z][INFO] project:list-packages <-- Request received
params: {}
[2026-06-22T05:05:23.944Z][INFO] project:list-packages <-- Request received
params: {}
[2026-06-22T05:05:24.020Z][INFO] config:project:get-registries <-- Request received
params: {}
[2026-06-22T05:05:24.045Z][INFO] project:list-packages --> 200 (270 ms)
[2026-06-22T05:05:24.048Z][INFO] config:project:get-registries --> 200 (28 ms)
[2026-06-22T05:05:24.083Z][INFO] project:list-packages --> 200 (274 ms)
[2026-06-22T05:05:24.144Z][INFO] project:list-packages --> 200 (200 ms)
[2026-06-22T05:05:31.213Z][INFO] project:list-packages <-- Request received
params: {}
[2026-06-22T05:05:31.342Z][INFO] project:list-packages --> 200 (129 ms)
[2026-06-22T05:05:32.772Z][INFO] packages:get-all-packageinfo <-- Request received
params: {}
[2026-06-22T05:05:32.788Z][INFO] packages:get-all-packageinfo <-- Request received
params: {}
[2026-06-22T05:05:33.345Z][INFO] packages:get-all-packageinfo --> 200 (558 ms)
[2026-06-22T05:05:33.595Z][INFO] packages:get-packageinfo <-- Request received
params: {
  "packageId": "com.unity.addressables@2.9.1"
}
[2026-06-22T05:05:33.609Z][INFO] packages:get-packageinfo <-- Request received
params: {
  "packageId": "com.unity.ads.ios-support@1.0.1"
}
[2026-06-22T05:05:33.622Z][INFO] packages:get-packageinfo <-- Request received
params: {
  "packageId": "com.unity.learn.iet-framework@5.0.4"
}
[2026-06-22T05:05:33.638Z][INFO] packages:get-packageinfo <-- Request received
params: {
  "packageId": "com.unity.learn.iet-framework.authoring@1.5.4"
}
[2026-06-22T05:05:33.651Z][INFO] packages:get-packageinfo <-- Request received
params: {
  "packageId": "com.unity.probuilder@6.0.9"
}
[2026-06-22T05:05:33.668Z][INFO] packages:get-packageinfo <-- Request received
params: {
  "packageId": "com.unity.scriptablebuildpipeline@2.6.1"
}
[2026-06-22T05:05:33.682Z][INFO] packages:get-packageinfo <-- Request received
params: {
  "packageId": "com.unity.services.friends@1.1.1"
}
[2026-06-22T05:05:33.696Z][INFO] packages:get-packageinfo <-- Request received
params: {
  "packageId": "com.unity.services.moderation@1.0.2"
}
[2026-06-22T05:05:33.709Z][INFO] packages:get-packageinfo <-- Request received
params: {
  "packageId": "com.unity.services.multiplayer@2.1.3"
}
[2026-06-22T05:05:33.725Z][INFO] packages:get-packageinfo <-- Request received
params: {
  "packageId": "com.unity.splines@2.8.4"
}
[2026-06-22T05:05:33.741Z][INFO] packages:get-packageinfo <-- Request received
params: {
  "packageId": "com.unity.xr.management@4.5.4"
}
[2026-06-22T05:05:33.916Z][INFO] packages:get-packageinfo --> 200 (321 ms)
[2026-06-22T05:05:33.988Z][INFO] packages:get-packageinfo --> 200 (379 ms)
[2026-06-22T05:05:34.013Z][INFO] packages:get-packageinfo --> 200 (391 ms)
[2026-06-22T05:05:34.018Z][INFO] packages:get-packageinfo --> 200 (380 ms)
[2026-06-22T05:05:34.023Z][INFO] packages:get-packageinfo --> 200 (372 ms)
[2026-06-22T05:05:34.027Z][INFO] packages:get-packageinfo --> 200 (318 ms)
[2026-06-22T05:05:34.030Z][INFO] packages:get-packageinfo --> 200 (362 ms)
[2026-06-22T05:05:34.032Z][INFO] packages:get-packageinfo --> 200 (336 ms)
[2026-06-22T05:05:34.034Z][INFO] packages:get-packageinfo --> 200 (352 ms)
[2026-06-22T05:05:34.090Z][INFO] packages:get-packageinfo --> 200 (365 ms)
[2026-06-22T05:05:34.175Z][INFO] packages:get-packageinfo --> 200 (434 ms)
[2026-06-22T05:05:36.729Z][INFO] packages:get-all-packageinfo --> 200 (3957 ms)
